2026-07-16 17:02:39 info: [settings] Memantau perubahan settings.json
2026-07-16 17:02:39 info: [Backup] Created backup directory
2026-07-16 17:02:39 info: [DB] Billing database ready
2026-07-16 17:02:39 info: [ACS] Bootstrap migration v4 completed — cleared bootstrapped tags for re-bootstrap
2026-07-16 17:02:40 info: Attempting to start server on configured port: 3000
2026-07-16 17:02:40 info: Mencoba memulai server pada port 3000...
2026-07-16 17:02:40 info: [CRON] Semua tugas penjadwalan telah aktif.
2026-07-16 17:02:40 info: [Backup] Auto backup disabled
2026-07-16 17:02:40 info: Server berhasil berjalan pada port 3000
2026-07-16 17:02:40 info: Environment: development
2026-07-16 17:02:40 info: [GenieACS] WhatsApp monitoring alert integration loaded
2026-07-16 17:02:41 info: [WA] Connection Update: connecting
2026-07-16 17:02:41 info: [WA] QR Code Baru Dihasilkan: 2@IGixaNMOwh5X8wHEnD...
2026-07-16 17:03:41 info: [WA] QR Code Baru Dihasilkan: 2@+H09IloKIx9j2RZJ6W...
2026-07-16 17:04:01 info: [WA] QR Code Baru Dihasilkan: 2@ohgyHsHDHBgkCDnOLt...
2026-07-16 17:04:21 info: [WA] QR Code Baru Dihasilkan: 2@HKhHHYPs4a8SNzMRKm...
2026-07-16 17:04:41 info: [WA] QR Code Baru Dihasilkan: 2@dzk3ECFg1uFk5QfcFJ...
2026-07-16 17:05:00 info: [CRON] Menjalankan sinkronisasi dan auto-refresh ACS Devices...
2026-07-16 17:05:00 info: [CRON] Selesai sinkronisasi ACS. IP diperbarui: 0, Connection requests dipicu: 0
2026-07-16 17:05:01 info: [WA] QR Code Baru Dihasilkan: 2@i+09lZLJ5vZjOUxb2W...
2026-07-16 17:05:21 info: [WA] Connection Update: close
2026-07-16 17:05:21 warn: WhatsApp terputus (kode 408). Mencoba reconnect dalam 3 detik...
2026-07-16 17:05:24 info: [WA] Connection Update: connecting
2026-07-16 17:05:25 info: [WA] QR Code Baru Dihasilkan: 2@1ji0g6r0SRX6ww1sP0...
2026-07-16 17:06:25 info: [WA] QR Code Baru Dihasilkan: 2@XYG4wVgvqtPwHqlJHH...
2026-07-16 17:06:45 info: [WA] QR Code Baru Dihasilkan: 2@UJO9ICAcq/TU2MbtAa...
2026-07-16 17:07:05 info: [WA] QR Code Baru Dihasilkan: 2@WfQx41/+g67si1W9ra...
2026-07-16 17:07:25 info: [WA] QR Code Baru Dihasilkan: 2@F2lacrnNe8tUSmVJYt...
2026-07-16 17:07:45 info: [WA] QR Code Baru Dihasilkan: 2@jg2j7OhrtqPoBPw6kk...
2026-07-16 17:08:05 info: [WA] Connection Update: close
2026-07-16 17:08:05 warn: WhatsApp terputus (kode 408). Mencoba reconnect dalam 3 detik...
2026-07-16 17:08:08 info: [WA] Connection Update: connecting
2026-07-16 17:08:09 info: [WA] QR Code Baru Dihasilkan: 2@Peb+Nr2QagEyf6pBGY...
2026-07-16 17:08:18 info: [settings] Memantau perubahan settings.json
2026-07-16 17:08:18 info: [DB] Billing database ready
2026-07-16 17:08:19 info: Attempting to start server on configured port: 3000
2026-07-16 17:08:19 info: Mencoba memulai server pada port 3000...
2026-07-16 17:08:19 info: [CRON] Semua tugas penjadwalan telah aktif.
2026-07-16 17:08:19 info: [Backup] Auto backup disabled
2026-07-16 17:08:19 info: Server berhasil berjalan pada port 3000
2026-07-16 17:08:19 info: Environment: development
2026-07-16 17:08:19 info: [GenieACS] WhatsApp monitoring alert integration loaded
2026-07-16 17:08:20 info: [WA] Connection Update: connecting
2026-07-16 17:08:20 info: [WA] QR Code Baru Dihasilkan: 2@yoSB8Y9549MQ7GdXD6...
2026-07-16 17:08:21 info: [settings] Memantau perubahan settings.json
2026-07-16 17:08:22 info: [DB] Billing database ready
2026-07-16 17:08:22 info: Attempting to start server on configured port: 3000
2026-07-16 17:08:22 info: Mencoba memulai server pada port 3000...
2026-07-16 17:08:22 info: [CRON] Semua tugas penjadwalan telah aktif.
2026-07-16 17:08:22 info: [Backup] Auto backup disabled
2026-07-16 17:08:22 info: Server berhasil berjalan pada port 3000
2026-07-16 17:08:22 info: Environment: development
2026-07-16 17:08:23 info: [GenieACS] WhatsApp monitoring alert integration loaded
2026-07-16 17:08:23 info: [WA] Connection Update: connecting
2026-07-16 17:08:24 info: [WA] QR Code Baru Dihasilkan: 2@9dHo+/OEU7Euqu7KXN...
2026-07-16 17:09:24 info: [WA] QR Code Baru Dihasilkan: 2@hiASarASC5b/coYtgK...
2026-07-16 17:09:44 info: [WA] QR Code Baru Dihasilkan: 2@dZ9hdGBnIBjyemX/o9...
2026-07-16 17:10:00 info: [CRON] Menjalankan sinkronisasi dan auto-refresh ACS Devices...
2026-07-16 17:10:00 info: [CRON] Selesai sinkronisasi ACS. IP diperbarui: 0, Connection requests dipicu: 0
2026-07-16 17:10:04 info: [WA] QR Code Baru Dihasilkan: 2@pRJETefNBJSEAFRKyV...
2026-07-16 17:10:24 info: [WA] QR Code Baru Dihasilkan: 2@acUZgr7rhw/sSDyKM+...
2026-07-16 17:10:44 info: [WA] QR Code Baru Dihasilkan: 2@NmnmPX0Kzzz0BQeTWq...
2026-07-16 17:11:04 info: [WA] Connection Update: close
2026-07-16 17:11:04 warn: WhatsApp terputus (kode 408). Mencoba reconnect dalam 3 detik...
2026-07-16 17:11:07 info: [WA] Connection Update: connecting
2026-07-16 17:11:08 info: [WA] QR Code Baru Dihasilkan: 2@R7BZBwSkpxVsYvTkil...
2026-07-16 17:11:59 info: [settings] Memantau perubahan settings.json
2026-07-16 17:11:59 info: [DB] Billing database ready
2026-07-16 17:12:00 info: Attempting to start server on configured port: 3000
2026-07-16 17:12:00 info: Mencoba memulai server pada port 3000 (Percobaan 1/5)...
2026-07-16 17:12:00 info: [CRON] Semua tugas penjadwalan telah aktif.
2026-07-16 17:12:00 info: [Backup] Auto backup disabled
2026-07-16 17:12:00 info: Server berhasil berjalan pada port 3000
2026-07-16 17:12:00 info: Environment: development
2026-07-16 17:12:00 info: [GenieACS] WhatsApp monitoring alert integration loaded
2026-07-16 17:12:01 info: [WA] Connection Update: connecting
2026-07-16 17:12:01 info: [WA] QR Code Baru Dihasilkan: 2@alzFRABhis9N9Nt6+B...
2026-07-16 17:12:09 info: [settings] Memantau perubahan settings.json
2026-07-16 17:12:09 info: [DB] Billing database ready
2026-07-16 17:12:10 info: Attempting to start server on configured port: 3000
2026-07-16 17:12:10 info: Mencoba memulai server pada port 3000 (Percobaan 1/5)...
2026-07-16 17:12:10 info: [CRON] Semua tugas penjadwalan telah aktif.
2026-07-16 17:12:10 info: [Backup] Auto backup disabled
2026-07-16 17:12:10 info: Server berhasil berjalan pada port 3000
2026-07-16 17:12:10 info: Environment: development
2026-07-16 17:12:10 info: [GenieACS] WhatsApp monitoring alert integration loaded
2026-07-16 17:12:10 info: [WA] Connection Update: connecting
2026-07-16 17:12:11 info: [WA] QR Code Baru Dihasilkan: 2@RYTeD5Pi5i41Jwp+lJ...
2026-07-16 17:13:11 info: [WA] QR Code Baru Dihasilkan: 2@Tqm43bX8u+gTtpYAht...
2026-07-16 17:13:31 info: [WA] QR Code Baru Dihasilkan: 2@tiMH7rCSEwoXxWWikl...
2026-07-16 17:13:51 info: [WA] QR Code Baru Dihasilkan: 2@PxRTm0JYNX9PSF5Vs9...
2026-07-16 17:14:11 info: [WA] QR Code Baru Dihasilkan: 2@fxa5XrRmgO+w5PiG60...
2026-07-16 17:14:31 info: [WA] QR Code Baru Dihasilkan: 2@ZPrmnd33N2UPxIDNLC...
2026-07-16 17:14:51 info: [WA] Connection Update: close
2026-07-16 17:14:51 warn: WhatsApp terputus (kode 408). Mencoba reconnect dalam 3 detik...
2026-07-16 17:14:54 info: [WA] Connection Update: connecting
2026-07-16 17:14:55 info: [WA] QR Code Baru Dihasilkan: 2@fJx9bRzGOG/Ywz77V8...
2026-07-16 17:15:00 info: [CRON] Menjalankan sinkronisasi dan auto-refresh ACS Devices...
2026-07-16 17:15:00 info: [CRON] Selesai sinkronisasi ACS. IP diperbarui: 0, Connection requests dipicu: 0
2026-07-16 17:15:55 info: [WA] QR Code Baru Dihasilkan: 2@5H/V9YMsSqdN94iAS8...
2026-07-16 17:16:15 info: [WA] QR Code Baru Dihasilkan: 2@t4AmDYIUVEyfq9Pt2T...
2026-07-16 17:16:35 info: [WA] QR Code Baru Dihasilkan: 2@zx/NzzlaUCw45hGKOb...
2026-07-16 17:16:55 info: [WA] QR Code Baru Dihasilkan: 2@p6U1yDfXbeqPHwsbFa...
2026-07-16 17:17:15 info: [WA] QR Code Baru Dihasilkan: 2@pBnAZIqxHn4Nr8KjU4...
2026-07-16 17:17:35 info: [WA] Connection Update: close
2026-07-16 17:17:35 warn: WhatsApp terputus (kode 408). Mencoba reconnect dalam 3 detik...
2026-07-16 17:17:38 info: [WA] Connection Update: connecting
2026-07-16 17:17:39 info: [WA] QR Code Baru Dihasilkan: 2@sRW8DMPGcw4uIgndMw...
2026-07-16 17:17:59 info: [settings] settings.json dimuat ulang — port 3000, host 0.0.0.0, company: Billing Nusa Digital, GenieACS: http://192.168.8.189:7557
2026-07-16 17:18:06 info: [settings] settings.json dimuat ulang — port 3000, host 0.0.0.0, company: Billing Nusa Digital, GenieACS: http://192.168.8.189:7557
2026-07-16 17:18:39 info: [WA] QR Code Baru Dihasilkan: 2@Z+6V17znYlII2+aX9a...
2026-07-16 17:18:59 info: [WA] QR Code Baru Dihasilkan: 2@MXYEcN8twZ1HUjn8s5...
2026-07-16 17:19:19 info: [WA] QR Code Baru Dihasilkan: 2@JDtjLEIJg8+Rhll4Wr...
2026-07-16 17:19:39 info: [WA] QR Code Baru Dihasilkan: 2@nw8aV6ylGQARCv+Cx6...
2026-07-16 17:19:59 info: [WA] QR Code Baru Dihasilkan: 2@iP0+PfcUB80P87lYLS...
2026-07-16 17:20:00 info: [CRON] Menjalankan sinkronisasi dan auto-refresh ACS Devices...
2026-07-16 17:20:00 info: [CRON] Selesai sinkronisasi ACS. IP diperbarui: 0, Connection requests dipicu: 0
2026-07-16 17:20:19 info: [WA] Connection Update: close
2026-07-16 17:20:19 warn: WhatsApp terputus (kode 408). Mencoba reconnect dalam 3 detik...
2026-07-16 17:20:22 info: [WA] Connection Update: connecting
2026-07-16 17:20:23 info: [WA] QR Code Baru Dihasilkan: 2@gObmmNniIVkmywur8D...
2026-07-16 17:20:42 info: [settings] Memantau perubahan settings.json
2026-07-16 17:20:42 info: [DB] Billing database ready
2026-07-16 17:20:43 info: Attempting to start server on configured port: 3000
2026-07-16 17:20:43 info: Mencoba memulai server pada port 3000 (Percobaan 1/5)...
2026-07-16 17:20:43 info: [CRON] Semua tugas penjadwalan telah aktif.
2026-07-16 17:20:43 info: [Backup] Auto backup disabled
2026-07-16 17:20:43 info: Server berhasil berjalan pada port 3000
2026-07-16 17:20:43 info: Environment: development
2026-07-16 17:20:43 info: [GenieACS] WhatsApp monitoring alert integration loaded
2026-07-16 17:20:43 info: [WA] Connection Update: connecting
2026-07-16 17:20:44 info: [WA] QR Code Baru Dihasilkan: 2@btWtZGcGVa7esy3lUj...
2026-07-16 17:20:48 info: [settings] Memantau perubahan settings.json
2026-07-16 17:20:49 info: [DB] Billing database ready
2026-07-16 17:20:49 info: Attempting to start server on configured port: 3000
2026-07-16 17:20:49 info: Mencoba memulai server pada port 3000 (Percobaan 1/5)...
2026-07-16 17:20:49 info: [CRON] Semua tugas penjadwalan telah aktif.
2026-07-16 17:20:49 info: [Backup] Auto backup disabled
2026-07-16 17:20:49 info: Server berhasil berjalan pada port 3000
2026-07-16 17:20:49 info: Environment: development
2026-07-16 17:20:50 info: [GenieACS] WhatsApp monitoring alert integration loaded
2026-07-16 17:20:50 info: [WA] Connection Update: connecting
2026-07-16 17:20:51 info: [WA] QR Code Baru Dihasilkan: 2@ulDJf4JxwMXEfWnThE...
2026-07-16 17:21:51 info: [WA] QR Code Baru Dihasilkan: 2@HvzRj8dd3CU6+qAyID...
2026-07-16 17:22:11 info: [WA] QR Code Baru Dihasilkan: 2@KqTklyAaUda8hUhMvY...
2026-07-16 17:22:31 info: [WA] QR Code Baru Dihasilkan: 2@INBgHfV2EM5is145zd...
2026-07-16 17:22:51 info: [WA] QR Code Baru Dihasilkan: 2@+VASRlVHjVAykUTkF7...
2026-07-16 17:23:11 info: [WA] QR Code Baru Dihasilkan: 2@YFVP8mm/fAnXxqEDfj...
2026-07-16 17:23:31 info: [WA] Connection Update: close
2026-07-16 17:23:31 warn: WhatsApp terputus (kode 408). Mencoba reconnect dalam 3 detik...
2026-07-16 17:23:34 info: [WA] Connection Update: connecting
2026-07-16 17:23:35 info: [WA] QR Code Baru Dihasilkan: 2@RFPPRfAHgfbp8eEYj+...
2026-07-16 17:24:35 info: [WA] QR Code Baru Dihasilkan: 2@To/4Q8GzIkuZCIxzw9...
2026-07-16 17:24:55 info: [WA] QR Code Baru Dihasilkan: 2@jfv3cigK+842lwedkW...
2026-07-16 17:25:00 info: [CRON] Menjalankan sinkronisasi dan auto-refresh ACS Devices...
2026-07-16 17:25:00 info: [CRON] Selesai sinkronisasi ACS. IP diperbarui: 0, Connection requests dipicu: 0
2026-07-16 17:25:15 info: [WA] QR Code Baru Dihasilkan: 2@pLeGAHRLBdHjV2s5La...
2026-07-16 17:25:35 info: [WA] QR Code Baru Dihasilkan: 2@dz/W+OVGBTLJ/cpNbp...
2026-07-16 17:25:55 info: [WA] QR Code Baru Dihasilkan: 2@909XPqJmhtlLWkN14B...
2026-07-16 17:26:15 info: [WA] Connection Update: close
2026-07-16 17:26:15 warn: WhatsApp terputus (kode 408). Mencoba reconnect dalam 3 detik...
2026-07-16 17:26:18 info: [WA] Connection Update: connecting
2026-07-16 17:26:19 info: [WA] QR Code Baru Dihasilkan: 2@B/BKiqp8BRm5jcP12p...
2026-07-16 17:27:19 info: [WA] QR Code Baru Dihasilkan: 2@ErUBtt6g2ASAMchhGN...
2026-07-16 17:27:39 info: [WA] QR Code Baru Dihasilkan: 2@EYDgBGKzD1DuLpM0cK...
2026-07-16 17:27:59 info: [WA] QR Code Baru Dihasilkan: 2@jN7t2GkbQUQDvnJr/q...
2026-07-16 17:28:19 info: [settings] Memantau perubahan settings.json
2026-07-16 17:28:19 info: [DB] Billing database ready
2026-07-16 17:28:20 info: Attempting to start server on configured port: 3000
2026-07-16 17:28:20 info: Mencoba memulai server pada port 3000 (Percobaan 1/5)...
2026-07-16 17:28:20 info: [CRON] Semua tugas penjadwalan telah aktif.
2026-07-16 17:28:20 info: [Backup] Auto backup disabled
2026-07-16 17:28:20 info: Server berhasil berjalan pada port 3000
2026-07-16 17:28:20 info: Environment: development
2026-07-16 17:28:21 info: [GenieACS] WhatsApp monitoring alert integration loaded
2026-07-16 17:28:21 info: [WA] Connection Update: connecting
2026-07-16 17:28:21 info: [WA] QR Code Baru Dihasilkan: 2@Ok3tYXf/5PE1E8GCRh...
2026-07-16 17:29:22 info: [WA] QR Code Baru Dihasilkan: 2@xWwGJsecmP1YI6/LKU...
2026-07-16 17:29:42 info: [WA] QR Code Baru Dihasilkan: 2@bgpjW3j+Rm+2rEo40o...
2026-07-16 17:30:00 info: [CRON] Menjalankan sinkronisasi dan auto-refresh ACS Devices...
2026-07-16 17:30:00 info: [CRON] Selesai sinkronisasi ACS. IP diperbarui: 0, Connection requests dipicu: 0
2026-07-16 17:30:02 info: [WA] QR Code Baru Dihasilkan: 2@F7fR+1T76WxVioj7hd...
2026-07-16 17:30:22 info: [WA] QR Code Baru Dihasilkan: 2@wtSwgPpys+lYjXwy7l...
2026-07-16 17:30:42 info: [WA] QR Code Baru Dihasilkan: 2@bB8Ik99Fn9jkwqaURe...
2026-07-16 17:30:49 info: [settings] Memantau perubahan settings.json
2026-07-16 17:30:49 info: [DB] Billing database ready
2026-07-16 17:30:50 info: Attempting to start server on configured port: 3000
2026-07-16 17:30:50 info: Mencoba memulai server pada port 3000 (Percobaan 1/5)...
2026-07-16 17:30:50 info: [CRON] Semua tugas penjadwalan telah aktif.
2026-07-16 17:30:50 info: [Backup] Auto backup disabled
2026-07-16 17:30:50 info: Server berhasil berjalan pada port 3000
2026-07-16 17:30:50 info: Environment: development
2026-07-16 17:30:50 info: [GenieACS] WhatsApp monitoring alert integration loaded
2026-07-16 17:30:50 info: [WA] Connection Update: connecting
2026-07-16 17:30:51 info: [WA] QR Code Baru Dihasilkan: 2@GvoqrPvMj4Kk2LCvCE...
2026-07-16 17:31:51 info: [WA] QR Code Baru Dihasilkan: 2@F4/JTZuk5fqI/iNEM9...
2026-07-16 17:32:11 info: [WA] QR Code Baru Dihasilkan: 2@KOBfPpPiw0+wlVmnoO...
2026-07-16 17:32:31 info: [WA] QR Code Baru Dihasilkan: 2@Gwa92++U4ezlZyHrN0...
2026-07-16 17:32:51 info: [WA] QR Code Baru Dihasilkan: 2@9JtPvaJSIqLsusYF7s...
2026-07-16 17:33:11 info: [WA] QR Code Baru Dihasilkan: 2@jy+b0qZD29S1P0oxhs...
2026-07-16 17:33:31 info: [WA] Connection Update: close
2026-07-16 17:33:31 warn: WhatsApp terputus (kode 408). Mencoba reconnect dalam 3 detik...
2026-07-16 17:33:34 info: [WA] Connection Update: connecting
2026-07-16 17:33:35 info: [WA] QR Code Baru Dihasilkan: 2@/RAVepYDcmyhLu03KJ...
2026-07-16 17:34:35 info: [WA] QR Code Baru Dihasilkan: 2@coXaZmJ2odgX21ptyp...
2026-07-16 17:34:55 info: [WA] QR Code Baru Dihasilkan: 2@D2S7ZdSH++7DOO49E6...
2026-07-16 17:35:00 info: [CRON] Menjalankan sinkronisasi dan auto-refresh ACS Devices...
2026-07-16 17:35:00 info: [CRON] Selesai sinkronisasi ACS. IP diperbarui: 0, Connection requests dipicu: 0
2026-07-16 17:35:15 info: [WA] QR Code Baru Dihasilkan: 2@vqFTMQQBf+7SriHlbA...
2026-07-16 17:35:35 info: [WA] QR Code Baru Dihasilkan: 2@73xnxDXKLfhUSjdMAn...
2026-07-16 17:35:55 info: [WA] QR Code Baru Dihasilkan: 2@/+FEnV/XSu0RwxS5iZ...
2026-07-16 17:36:15 info: [WA] Connection Update: close
2026-07-16 17:36:15 warn: WhatsApp terputus (kode 408). Mencoba reconnect dalam 3 detik...
2026-07-16 17:36:18 info: [WA] Connection Update: connecting
2026-07-16 17:36:19 info: [WA] QR Code Baru Dihasilkan: 2@xy9W/M3IDszjTbI7ik...
2026-07-16 17:37:19 info: [WA] QR Code Baru Dihasilkan: 2@JFn5HIBKur3OydUNez...
2026-07-16 17:37:32 info: [settings] Memantau perubahan settings.json
2026-07-16 17:37:32 info: [DB] Billing database ready
2026-07-16 17:37:33 info: Attempting to start server on configured port: 3000
2026-07-16 17:37:33 info: Mencoba memulai server pada port 3000 (Percobaan 1/5)...
2026-07-16 17:37:33 info: [CRON] Semua tugas penjadwalan telah aktif.
2026-07-16 17:37:33 info: [Backup] Auto backup disabled
2026-07-16 17:37:33 warn: PERINGATAN: Port 3000 sedang digunakan.
2026-07-16 17:37:33 info: Menunggu 2 detik sebelum mencoba lagi...
2026-07-16 17:37:34 info: [GenieACS] WhatsApp monitoring alert integration loaded
2026-07-16 17:37:34 info: [WA] Connection Update: connecting
2026-07-16 17:37:35 info: [WA] QR Code Baru Dihasilkan: 2@ervdSItA00WQ/FdGps...
2026-07-16 17:37:35 info: Mencoba memulai server pada port 3000 (Percobaan 2/5)...
2026-07-16 17:37:35 warn: PERINGATAN: Port 3000 sedang digunakan.
2026-07-16 17:37:35 info: Menunggu 2 detik sebelum mencoba lagi...
2026-07-16 17:37:37 info: Mencoba memulai server pada port 3000 (Percobaan 3/5)...
2026-07-16 17:37:37 warn: PERINGATAN: Port 3000 sedang digunakan.
2026-07-16 17:37:37 info: Menunggu 2 detik sebelum mencoba lagi...
2026-07-16 17:37:39 info: [WA] QR Code Baru Dihasilkan: 2@2q2tLEKKJ+jKhO/6tr...
2026-07-16 17:37:39 info: Mencoba memulai server pada port 3000 (Percobaan 4/5)...
2026-07-16 17:37:39 warn: PERINGATAN: Port 3000 sedang digunakan.
2026-07-16 17:37:39 info: Menunggu 2 detik sebelum mencoba lagi...
2026-07-16 17:37:41 info: Mencoba memulai server pada port 3000 (Percobaan 5/5)...
